******************************************************************************
                  TI ARM Linker PC v18.12.1                    
******************************************************************************
>> Linked Mon Sep 23 16:18:44 2019

OUTPUT FILE NAME:   <uart_echo.out>
ENTRY POINT SYMBOL: "_c_int00_noargs"  address: 000009fd


MEMORY CONFIGURATION

         name            origin    length      used     unused   attr    fill
----------------------  --------  ---------  --------  --------  ----  --------
  FLASH                 00000000   00040000  00000b7e  0003f482  R  X
  SRAM                  20000000   00008000  00000110  00007ef0  RW X


SEGMENT ALLOCATION MAP

run origin  load origin   length   init length attrs members
----------  ----------- ---------- ----------- ----- -------
00000000    00000000    00000b80   00000b80    r-x
  00000000    00000000    0000026c   0000026c    r-- .intvecs
  0000026c    0000026c    00000876   00000876    r-x .text
  00000ae4    00000ae4    0000006c   0000006c    r-- .const
  00000b50    00000b50    00000030   00000030    r-- .cinit
20000000    20000000    00000110   00000000    rw-
  20000000    20000000    00000100   00000000    rw- .stack
  20000100    20000100    0000000c   00000000    rw- .bss
  2000010c    2000010c    00000004   00000000    rw- .data


SECTION ALLOCATION MAP

 output                                  attributes/
section   page    origin      length       input sections
--------  ----  ----------  ----------   ----------------
.intvecs   0    00000000    0000026c     
                  00000000    0000026c     startup_ccs.obj (.intvecs)

.text      0    0000026c    00000876     
                  0000026c    00000132     driverlib.lib : gpio.obj (.text:GPIOPadConfigSet)
                  0000039e    00000002     startup_ccs.obj (.text:FaultISR)
                  000003a0    0000011c     uart_echo.obj (.text:main)
                  000004bc    00000110     driverlib.lib : sysctl.obj (.text:SysCtlClockGet)
                  000005cc    0000009c     rtsv7M4_T_le_v4SPD16_eabi.lib : memcpy_t2.asm.obj (.text)
                  00000668    00000074     uart_echo.obj (.text:Timers_Init)
                  000006dc    0000006c     uart_echo.obj (.text:UART1_Configure)
                  00000748    00000068     uart_echo.obj (.text:Timer0IntHandler)
                  000007b0    00000068     uart_echo.obj (.text:UART0_Configure)
                  00000818    00000068     rtsv7M4_T_le_v4SPD16_eabi.lib : copy_decompress_lzss.c.obj (.text:decompress:lzss:__TI_decompress_lzss)
                  00000880    00000058     uart_echo.obj (.text:Switch_Enable)
                  000008d8    00000044     rtsv7M4_T_le_v4SPD16_eabi.lib : autoinit.c.obj (.text:__TI_auto_init_nobinit_nopinit:__TI_auto_init_nobinit_nopinit)
                  0000091c    0000003c     uart_echo.obj (.text:GetAndSendInitialTime)
                  00000958    00000038     driverlib.lib : sysctl.obj (.text:SysCtlPeripheralReady)
                  00000990    00000038     uart_echo.obj (.text:toggle)
                  000009c8    00000034     driverlib.lib : sysctl.obj (.text:SysCtlPeripheralEnable)
                  000009fc    00000034     rtsv7M4_T_le_v4SPD16_eabi.lib : boot_cortex_m.c.obj (.text:_c_int00_noargs:_c_int00_noargs)
                  00000a30    0000002a     driverlib.lib : gpio.obj (.text:GPIODirModeSet)
                  00000a5a    00000018                   : gpio.obj (.text:GPIOPinTypeGPIOOutput)
                  00000a72    00000012                   : gpio.obj (.text:GPIOPinTypeGPIOInput)
                  00000a84    00000012     rtsv7M4_T_le_v4SPD16_eabi.lib : copy_zero_init.c.obj (.text:decompress:ZI:__TI_zero_init_nomemset:__TI_zero_init_nomemset)
                  00000a96    0000000e                                   : copy_decompress_none.c.obj (.text:decompress:none:__TI_decompress_none)
                  00000aa4    0000000a     driverlib.lib : uart.obj (.text:UARTCharGet)
                  00000aae    0000000a                   : uart.obj (.text:UARTCharPut)
                  00000ab8    00000006                   : gpio.obj (.text:GPIOPinRead)
                  00000abe    00000006                   : gpio.obj (.text:GPIOPinWrite)
                  00000ac4    00000006     startup_ccs.obj (.text:ResetISR)
                  00000aca    00000006     driverlib.lib : sysctl.obj (.text:SysCtlDelay)
                  00000ad0    00000006                   : uart.obj (.text:UARTClockSourceSet)
                  00000ad6    00000004     rtsv7M4_T_le_v4SPD16_eabi.lib : pre_init.c.obj (.text:_system_pre_init)
                  00000ada    00000004                                   : exit.c.obj (.text:abort:abort)
                  00000ade    00000002     startup_ccs.obj (.text:IntDefaultHandler)
                  00000ae0    00000002     startup_ccs.obj (.text:NmiSR)

.const     0    00000ae4    0000006c     
                  00000ae4    0000006c     driverlib.lib : sysctl.obj (.const:g_pui32Xtals)

.cinit     0    00000b50    00000030     
                  00000b50    0000000c     (__TI_handler_table)
                  00000b5c    00000004     --HOLE-- [fill = 0]
                  00000b60    00000008     (.cinit..bss.load) [load image, compression = zero_init]
                  00000b68    00000007     (.cinit..data.load) [load image, compression = lzss]
                  00000b6f    00000001     --HOLE-- [fill = 0]
                  00000b70    00000010     (__TI_cinit_table)

.init_array 
*          0    00000000    00000000     UNINITIALIZED

.bss       0    20000100    0000000c     UNINITIALIZED
                  20000100    00000004     (.common:CurrentTime)
                  20000104    00000004     (.common:g_ui32Flags)
                  20000108    00000004     (.common:seconds)

.data      0    2000010c    00000004     UNINITIALIZED
                  2000010c    00000004     uart_echo.obj (.data)

.stack     0    20000000    00000100     UNINITIALIZED
                  20000000    00000004     rtsv7M4_T_le_v4SPD16_eabi.lib : boot_cortex_m.c.obj (.stack)
                  20000004    000000fc     --HOLE--

MODULE SUMMARY

       Module                       code   ro data   rw data
       ------                       ----   -------   -------
    .\
       uart_echo.obj                920    0         16     
       startup_ccs.obj              12     620       0      
    +--+----------------------------+------+---------+---------+
       Total:                       932    620       16     
                                                            
    C:/ti/TivaWare_C_Series-2.1.4.178/driverlib/ccs/Debug/driverlib.lib
       sysctl.obj                   386    108       0      
       gpio.obj                     402    0         0      
       uart.obj                     26     0         0      
    +--+----------------------------+------+---------+---------+
       Total:                       814    108       0      
                                                            
    C:\ti\ccs901\ccs\tools\compiler\ti-cgt-arm_18.12.1.LTS\lib\rtsv7M4_T_le_v4SPD16_eabi.lib
       memcpy_t2.asm.obj            156    0         0      
       copy_decompress_lzss.c.obj   104    0         0      
       autoinit.c.obj               68     0         0      
       boot_cortex_m.c.obj          52     0         0      
       copy_zero_init.c.obj         18     0         0      
       copy_decompress_none.c.obj   14     0         0      
       exit.c.obj                   4      0         0      
       pre_init.c.obj               4      0         0      
    +--+----------------------------+------+---------+---------+
       Total:                       420    0         0      
                                                            
       Stack:                       0      0         256    
       Linker Generated:            0      43        0      
    +--+----------------------------+------+---------+---------+
       Grand Total:                 2166   771       272    


LINKER GENERATED COPY TABLES

__TI_cinit_table @ 00000b70 records: 2, size/record: 8, table size: 16
	.bss: load addr=00000b60, load size=00000008 bytes, run addr=20000100, run size=0000000c bytes, compression=zero_init
	.data: load addr=00000b68, load size=00000007 bytes, run addr=2000010c, run size=00000004 bytes, compression=lzss


LINKER GENERATED HANDLER TABLE

__TI_handler_table @ 00000b50 records: 3, size/record: 4, table size: 12
	index: 0, handler: __TI_decompress_lzss
	index: 1, handler: __TI_decompress_none
	index: 2, handler: __TI_zero_init


GLOBAL SYMBOLS: SORTED ALPHABETICALLY BY Name 

address   name                          
-------   ----                          
00000adb  C$$EXIT                       
20000100  CurrentTime                   
00000a31  GPIODirModeSet                
0000026d  GPIOPadConfigSet              
00000ab9  GPIOPinRead                   
00000a73  GPIOPinTypeGPIOInput          
00000a5b  GPIOPinTypeGPIOOutput         
00000abf  GPIOPinWrite                  
0000091d  GetAndSendInitialTime         
00000ac5  ResetISR                      
00000881  Switch_Enable                 
000004bd  SysCtlClockGet                
00000acb  SysCtlDelay                   
000009c9  SysCtlPeripheralEnable        
00000959  SysCtlPeripheralReady         
00000749  Timer0IntHandler              
00000669  Timers_Init                   
000007b1  UART0_Configure               
000006dd  UART1_Configure               
00000aa5  UARTCharGet                   
00000aaf  UARTCharPut                   
00000ad1  UARTClockSourceSet            
UNDEFED   UARTStdioConfig               
20000100  __STACK_END                   
00000100  __STACK_SIZE                  
20000100  __STACK_TOP                   
00000b70  __TI_CINIT_Base               
00000b80  __TI_CINIT_Limit              
00000b50  __TI_Handler_Table_Base       
00000b5c  __TI_Handler_Table_Limit      
000008d9  __TI_auto_init_nobinit_nopinit
00000819  __TI_decompress_lzss          
00000a97  __TI_decompress_none          
ffffffff  __TI_pprof_out_hndl           
ffffffff  __TI_prof_data_size           
ffffffff  __TI_prof_data_start          
00000000  __TI_static_base__            
00000a85  __TI_zero_init_nomemset       
000005cd  __aeabi_memcpy                
000005cd  __aeabi_memcpy4               
000005cd  __aeabi_memcpy8               
ffffffff  __binit__                     
ffffffff  __c_args__                    
UNDEFED   __mpu_init                    
20000000  __stack                       
000009fd  _c_int00_noargs               
UNDEFED   _system_post_cinit            
00000ad7  _system_pre_init              
00000adb  abort                         
ffffffff  binit                         
2000010c  fitch                         
00000000  g_pfnVectors                  
20000104  g_ui32Flags                   
000003a1  main                          
000005cd  memcpy                        
20000108  seconds                       
00000991  toggle                        


GLOBAL SYMBOLS: SORTED BY Symbol Address 

address   name                          
-------   ----                          
00000000  __TI_static_base__            
00000000  g_pfnVectors                  
00000100  __STACK_SIZE                  
0000026d  GPIOPadConfigSet              
000003a1  main                          
000004bd  SysCtlClockGet                
000005cd  __aeabi_memcpy                
000005cd  __aeabi_memcpy4               
000005cd  __aeabi_memcpy8               
000005cd  memcpy                        
00000669  Timers_Init                   
000006dd  UART1_Configure               
00000749  Timer0IntHandler              
000007b1  UART0_Configure               
00000819  __TI_decompress_lzss          
00000881  Switch_Enable                 
000008d9  __TI_auto_init_nobinit_nopinit
0000091d  GetAndSendInitialTime         
00000959  SysCtlPeripheralReady         
00000991  toggle                        
000009c9  SysCtlPeripheralEnable        
000009fd  _c_int00_noargs               
00000a31  GPIODirModeSet                
00000a5b  GPIOPinTypeGPIOOutput         
00000a73  GPIOPinTypeGPIOInput          
00000a85  __TI_zero_init_nomemset       
00000a97  __TI_decompress_none          
00000aa5  UARTCharGet                   
00000aaf  UARTCharPut                   
00000ab9  GPIOPinRead                   
00000abf  GPIOPinWrite                  
00000ac5  ResetISR                      
00000acb  SysCtlDelay                   
00000ad1  UARTClockSourceSet            
00000ad7  _system_pre_init              
00000adb  C$$EXIT                       
00000adb  abort                         
00000b50  __TI_Handler_Table_Base       
00000b5c  __TI_Handler_Table_Limit      
00000b70  __TI_CINIT_Base               
00000b80  __TI_CINIT_Limit              
20000000  __stack                       
20000100  CurrentTime                   
20000100  __STACK_END                   
20000100  __STACK_TOP                   
20000104  g_ui32Flags                   
20000108  seconds                       
2000010c  fitch                         
ffffffff  __TI_pprof_out_hndl           
ffffffff  __TI_prof_data_size           
ffffffff  __TI_prof_data_start          
ffffffff  __binit__                     
ffffffff  __c_args__                    
ffffffff  binit                         
UNDEFED   UARTStdioConfig               
UNDEFED   __mpu_init                    
UNDEFED   _system_post_cinit            

[57 symbols]
